../Core/Src/ssd1306.c:64:6:SSD1306_ScrollRight	16	static
../Core/Src/ssd1306.c:77:6:SSD1306_ScrollLeft	16	static
../Core/Src/ssd1306.c:90:6:SSD1306_Scrolldiagright	16	static
../Core/Src/ssd1306.c:106:6:SSD1306_Scrolldiagleft	16	static
../Core/Src/ssd1306.c:122:6:SSD1306_Stopscroll	8	static
../Core/Src/ssd1306.c:129:6:SSD1306_InvertDisplay	16	static
../Core/Src/ssd1306.c:138:6:SSD1306_DrawBitmap	32	static
../Core/Src/ssd1306.c:168:9:SSD1306_Init	16	static
../Core/Src/ssd1306.c:233:6:SSD1306_UpdateScreen	16	static
../Core/Src/ssd1306.c:246:6:SSD1306_ToggleInvert	16	static
../Core/Src/ssd1306.c:258:6:SSD1306_Fill	16	static
../Core/Src/ssd1306.c:263:6:SSD1306_DrawPixel	16	static
../Core/Src/ssd1306.c:285:6:SSD1306_GotoXY	16	static
../Core/Src/ssd1306.c:291:6:SSD1306_Putc	32	static
../Core/Src/ssd1306.c:322:6:SSD1306_Puts	24	static
../Core/Src/ssd1306.c:340:6:SSD1306_DrawLine	40	static
../Core/Src/ssd1306.c:424:6:SSD1306_DrawRectangle	32	static
../Core/Src/ssd1306.c:449:6:SSD1306_DrawFilledRectangle	40	static
../Core/Src/ssd1306.c:476:6:SSD1306_DrawTriangle	32	static
../Core/Src/ssd1306.c:484:6:SSD1306_DrawFilledTriangle	64	static
../Core/Src/ssd1306.c:540:6:SSD1306_DrawCircle	40	static
../Core/Src/ssd1306.c:574:6:SSD1306_DrawFilledCircle	48	static
../Core/Src/ssd1306.c:607:6:SSD1306_Clear	8	static
../Core/Src/ssd1306.c:614:6:SSD1306_ON	8	static
../Core/Src/ssd1306.c:619:6:SSD1306_OFF	8	static
../Core/Src/ssd1306.c:635:6:ssd1306_I2C_Init	16	static
../Core/Src/ssd1306.c:647:6:ssd1306_I2C_WriteMulti	296	static
../Core/Src/ssd1306.c:659:6:ssd1306_I2C_Write	32	static
../Core/Src/ssd1306.c:667:6:SSD1306_UpdateScreen_DMA	8	static
